// Jest Snapshot v1, https://goo.gl/fbAQLP

exports[`LambdaConfig 1`] = `
{
  "Resources": {
    "Fn9270CBC0": {
      "DependsOn": [
        "FnServiceRoleB9001A96",
      ],
      "Properties": {
        "Code": Any<Object>,
        "Handler": "index.handler",
        "Role": {
          "Fn::GetAtt": [
            "FnServiceRoleB9001A96",
            "Arn",
          ],
        },
        "Runtime": "nodejs16.x",
      },
      "Type": "AWS::Lambda::Function",
    },
    "FnServiceRoleB9001A96": {
      "Properties": {
        "AssumeRolePolicyDocument": {
          "Statement": [
            {
              "Action": "sts:AssumeRole",
              "Effect": "Allow",
              "Principal": {
                "Service": "lambda.amazonaws.com",
              },
            },
          ],
          "Version": "2012-10-17",
        },
        "ManagedPolicyArns": [
          {
            "Fn::Join": [
              "",
              [
                "arn:",
                {
                  "Ref": "AWS::Partition",
                },
                ":iam::aws:policy/service-role/AWSLambdaBasicExecutionRole",
              ],
            ],
          },
        ],
      },
      "Type": "AWS::IAM::Role",
    },
    "LambdaConfig0334D595": {
      "DeletionPolicy": "Delete",
      "Properties": {
        "Config": {
          "Deep": {
            "ObjectKey": "Hello world",
          },
          "My": "value",
        },
        "FunctionArn": {
          "Fn::GetAtt": [
            "Fn9270CBC0",
            "Arn",
          ],
        },
        "Nonce": "",
        "ServiceToken": {
          "Fn::GetAtt": [
            "lifliginfralambdaconfigproviderProviderframeworkonEvent1D60D68A",
            "Arn",
          ],
        },
      },
      "Type": "AWS::CloudFormation::CustomResource",
      "UpdateReplacePolicy": "Delete",
    },
    "lifliginfralambdaconfigproviderProviderframeworkonEvent1D60D68A": {
      "DependsOn": [
        "lifliginfralambdaconfigproviderProviderframeworkonEventServiceRoleDefaultPolicy554FD5A5",
        "lifliginfralambdaconfigproviderProviderframeworkonEventServiceRoleD0656D3D",
      ],
      "Properties": {
        "Code": Any<Object>,
        "Description": "AWS CDK resource provider framework - onEvent (Stack/liflig-infra.lambda-config.provider/Provider)",
        "Environment": {
          "Variables": {
            "USER_ON_EVENT_FUNCTION_ARN": {
              "Fn::GetAtt": [
                "lifliginfralambdaconfigproviderUpdateCodeFnB8571480",
                "Arn",
              ],
            },
          },
        },
        "Handler": "framework.onEvent",
        "Role": {
          "Fn::GetAtt": [
            "lifliginfralambdaconfigproviderProviderframeworkonEventServiceRoleD0656D3D",
            "Arn",
          ],
        },
        "Runtime": "nodejs22.x",
        "Timeout": 900,
      },
      "Type": "AWS::Lambda::Function",
    },
    "lifliginfralambdaconfigproviderProviderframeworkonEventServiceRoleD0656D3D": {
      "Properties": {
        "AssumeRolePolicyDocument": {
          "Statement": [
            {
              "Action": "sts:AssumeRole",
              "Effect": "Allow",
              "Principal": {
                "Service": "lambda.amazonaws.com",
              },
            },
          ],
          "Version": "2012-10-17",
        },
        "ManagedPolicyArns": [
          {
            "Fn::Join": [
              "",
              [
                "arn:",
                {
                  "Ref": "AWS::Partition",
                },
                ":iam::aws:policy/service-role/AWSLambdaBasicExecutionRole",
              ],
            ],
          },
        ],
      },
      "Type": "AWS::IAM::Role",
    },
    "lifliginfralambdaconfigproviderProviderframeworkonEventServiceRoleDefaultPolicy554FD5A5": {
      "Properties": {
        "PolicyDocument": {
          "Statement": [
            {
              "Action": "lambda:InvokeFunction",
              "Effect": "Allow",
              "Resource": [
                {
                  "Fn::GetAtt": [
                    "lifliginfralambdaconfigproviderUpdateCodeFnB8571480",
                    "Arn",
                  ],
                },
                {
                  "Fn::Join": [
                    "",
                    [
                      {
                        "Fn::GetAtt": [
                          "lifliginfralambdaconfigproviderUpdateCodeFnB8571480",
                          "Arn",
                        ],
                      },
                      ":*",
                    ],
                  ],
                },
              ],
            },
            {
              "Action": "lambda:GetFunction",
              "Effect": "Allow",
              "Resource": {
                "Fn::GetAtt": [
                  "lifliginfralambdaconfigproviderUpdateCodeFnB8571480",
                  "Arn",
                ],
              },
            },
          ],
          "Version": "2012-10-17",
        },
        "PolicyName": "lifliginfralambdaconfigproviderProviderframeworkonEventServiceRoleDefaultPolicy554FD5A5",
        "Roles": [
          {
            "Ref": "lifliginfralambdaconfigproviderProviderframeworkonEventServiceRoleD0656D3D",
          },
        ],
      },
      "Type": "AWS::IAM::Policy",
    },
    "lifliginfralambdaconfigproviderUpdateCodeFnB8571480": {
      "DependsOn": [
        "lifliginfralambdaconfigproviderUpdateCodeFnServiceRoleDefaultPolicy02148DBC",
        "lifliginfralambdaconfigproviderUpdateCodeFnServiceRole1C9B6DC9",
      ],
      "Properties": {
        "Code": Any<Object>,
        "Handler": "index.handler",
        "Role": {
          "Fn::GetAtt": [
            "lifliginfralambdaconfigproviderUpdateCodeFnServiceRole1C9B6DC9",
            "Arn",
          ],
        },
        "Runtime": "nodejs18.x",
        "Timeout": 120,
      },
      "Type": "AWS::Lambda::Function",
    },
    "lifliginfralambdaconfigproviderUpdateCodeFnServiceRole1C9B6DC9": {
      "Properties": {
        "AssumeRolePolicyDocument": {
          "Statement": [
            {
              "Action": "sts:AssumeRole",
              "Effect": "Allow",
              "Principal": {
                "Service": "lambda.amazonaws.com",
              },
            },
          ],
          "Version": "2012-10-17",
        },
        "ManagedPolicyArns": [
          {
            "Fn::Join": [
              "",
              [
                "arn:",
                {
                  "Ref": "AWS::Partition",
                },
                ":iam::aws:policy/service-role/AWSLambdaBasicExecutionRole",
              ],
            ],
          },
        ],
      },
      "Type": "AWS::IAM::Role",
    },
    "lifliginfralambdaconfigproviderUpdateCodeFnServiceRoleDefaultPolicy02148DBC": {
      "Properties": {
        "PolicyDocument": {
          "Statement": [
            {
              "Action": [
                "lambda:GetFunction",
                "lambda:GetFunctionConfiguration",
                "lambda:UpdateFunctionCode",
              ],
              "Effect": "Allow",
              "Resource": "*",
            },
          ],
          "Version": "2012-10-17",
        },
        "PolicyName": "lifliginfralambdaconfigproviderUpdateCodeFnServiceRoleDefaultPolicy02148DBC",
        "Roles": [
          {
            "Ref": "lifliginfralambdaconfigproviderUpdateCodeFnServiceRole1C9B6DC9",
          },
        ],
      },
      "Type": "AWS::IAM::Policy",
    },
  },
}
`;
